******************************************************************************
                  TI ARM Linker PC v20.2.5                     
******************************************************************************
>> Linked Tue Jun 24 02:09:39 2025

OUTPUT FILE NAME:   <embedded systems showcase.out>
ENTRY POINT SYMBOL: "ResetISR"  address: 000009ad


MEMORY CONFIGURATION

         name            origin    length      used     unused   attr    fill
----------------------  --------  ---------  --------  --------  ----  --------
  FLASH                 00000000   00020000  00000a44  0001f5bc  R  X
  GPRAM                 11000000   00002000  00000000  00002000  RW X
  SRAM                  20000000   00005000  00000100  00004f00  RW X


SEGMENT ALLOCATION MAP

run origin  load origin   length   init length attrs members
----------  ----------- ---------- ----------- ----- -------
00000000    00000000    000009e4   000009e4    r-x
  00000000    00000000    000000c8   000000c8    r-- .intvecs
  000000c8    000000c8    0000091c   0000091c    r-x .text
000009e4    000009e4    00000008   00000008    rw-
  000009e4    000009e4    00000008   00000008    rw- .args
0001ffa8    0001ffa8    00000058   00000058    r--
  0001ffa8    0001ffa8    00000058   00000058    r-- .ccfg
20004f00    20004f00    00000100   00000000    rw-
  20004f00    20004f00    00000100   00000000    rw- .stack


SECTION ALLOCATION MAP

 output                                  attributes/
section   page    origin      length       input sections
--------  ----  ----------  ----------   ----------------
.intvecs   0    00000000    000000c8     
                  00000000    000000c8     startup_ccs.obj (.intvecs)

.text      0    000000c8    0000091c     
                  000000c8    00000130     driverlib.lib : setup_rom.obj (.text:NOROM_SetupAfterColdResetWakeupFromShutDownCfg3)
                  000001f8    000000f0                   : setup_rom.obj (.text:NOROM_SetupAfterColdResetWakeupFromShutDownCfg2)
                  000002e8    000000c0                   : setup.obj (.text:TrimAfterColdResetWakeupFromShutDown)
                  000003a8    000000a8                   : setup.obj (.text:NOROM_SetupTrimDevice)
                  00000450    000000a4                   : setup_rom.obj (.text:NOROM_SetupAfterColdResetWakeupFromShutDownCfg1)
                  000004f4    00000074                   : setup_rom.obj (.text:NOROM_SetupSetVddrLevel)
                  00000568    00000070                   : chipinfo.obj (.text:NOROM_ChipInfo_GetHwRevision)
                  000005d8    0000006c                   : setup_rom.obj (.text:NOROM_SetupGetTrimForAmpcompCtrl)
                  00000644    00000068                   : setup_rom.obj (.text:NOROM_SetupGetTrimForAnabypassValue1)
                  000006ac    00000060                   : osc.obj (.text:NOROM_OSCClockSourceSet)
                  0000070c    00000050                   : setup_rom.obj (.text:NOROM_SetupSetCacheModeAccordingToCcfgSetting)
                  0000075c    00000048                   : chipinfo.obj (.text:NOROM_ChipInfo_GetChipFamily)
                  000007a4    00000030                   : setup_rom.obj (.text:NOROM_SetupSetAonRtcSubSecInc)
                  000007d4    0000002c                   : ddi.obj (.text:NOROM_DDI32RegWrite)
                  00000800    0000002c                   : osc.obj (.text:NOROM_OSCClockSourceGet)
                  0000082c    0000002c                   : setup_rom.obj (.text:NOROM_SetupGetTrimForRadcExtCfg)
                  00000858    00000020                   : setup_rom.obj (.text:NOROM_SetupGetTrimForXoscHfCtl)
                  00000878    0000001c                   : setup_rom.obj (.text:NOROM_SetupGetTrimForAmpcompTh2)
                  00000894    0000001c                   : setup_rom.obj (.text:NOROM_SetupGetTrimForRcOscLfRtuneCtuneTrim)
                  000008b0    0000001c     rtsv7M3_T_le_eabi.lib : boot_cortex_m.c.obj (.text:_c_int00_noinit:_c_int00_noinit)
                  000008cc    00000018     driverlib.lib : setup_rom.obj (.text:NOROM_SetupGetTrimForAdcShModeEn)
                  000008e4    00000018                   : setup_rom.obj (.text:NOROM_SetupGetTrimForAdcShVbufEn)
                  000008fc    00000018                   : setup_rom.obj (.text:NOROM_SetupGetTrimForAmpcompTh1)
                  00000914    00000018                   : setup_rom.obj (.text:NOROM_SetupGetTrimForDblrLoopFilterResetVoltage)
                  0000092c    00000018                   : setup_rom.obj (.text:NOROM_SetupGetTrimForRcOscLfIBiasTrim)
                  00000944    00000018                   : setup_rom.obj (.text:NOROM_SetupGetTrimForXoscLfRegulatorAndCmirrwrRatio)
                  0000095c    00000018     rtsv7M3_T_le_eabi.lib : args_main.c.obj (.text:_args_main)
                  00000974    00000016     driverlib.lib : chipinfo.obj (.text:NOROM_ThisCodeIsBuiltForCC13xxHwRev20AndLater_HaltIfViolated)
                  0000098a    00000002     startup_ccs.obj (.text:FaultISR)
                  0000098c    00000010     driverlib.lib : setup_rom.obj (.text:NOROM_SetupGetTrimForXoscHfFastStart)
                  0000099c    00000010                   : setup_rom.obj (.text:NOROM_SetupGetTrimForXoscHfIbiastherm)
                  000009ac    00000010     startup_ccs.obj (.text:ResetISR)
                  000009bc    0000000c     driverlib.lib : cpu.obj (.text:NOROM_CPUcpsid)
                  000009c8    0000000c                   : cpu.obj (.text:NOROM_CPUcpsie)
                  000009d4    00000004     rtsv7M3_T_le_eabi.lib : pre_init.c.obj (.text:_system_pre_init)
                  000009d8    00000004                           : exit.c.obj (.text:abort:abort)
                  000009dc    00000004     main.obj (.text:main)
                  000009e0    00000002     startup_ccs.obj (.text:IntDefaultHandler)
                  000009e2    00000002     startup_ccs.obj (.text:NmiSR)

.binit     0    00000000    00000000     

.cinit     0    00000000    00000000     UNINITIALIZED

.init_array 
*          0    00000000    00000000     UNINITIALIZED

.ccfg      0    0001ffa8    00000058     
                  0001ffa8    00000058     ccfg.obj (.ccfg:retain)

.stack     0    20004f00    00000100     UNINITIALIZED
                  20004f00    00000004     rtsv7M3_T_le_eabi.lib : boot_cortex_m.c.obj (.stack)
                  20004f04    000000fc     --HOLE--

__llvm_prf_cnts 
*          0    20000000    00000000     UNINITIALIZED

.args      0    000009e4    00000008     
                  000009e4    00000008     --HOLE-- [fill = 0]

MODULE SUMMARY

       Module                code   ro data   rw data
       ------                ----   -------   -------
    .\
       startup_ccs.obj       22     200       0      
       ccfg.obj              0      88        0      
       main.obj              4      0         0      
    +--+---------------------+------+---------+---------+
       Total:                26     288       0      
                                                     
    C:/ti/tirtos_cc13xx_cc26xx_2_21_01_08/products/cc13xxware_2_04_03_17272/driverlib/bin/ccs/driverlib.lib
       setup_rom.obj         1472   0         0      
       setup.obj             360    0         0      
       chipinfo.obj          206    0         0      
       osc.obj               140    0         0      
       ddi.obj               44     0         0      
       cpu.obj               24     0         0      
    +--+---------------------+------+---------+---------+
       Total:                2246   0         0      
                                                     
    C:\ti\ccs1040\ccs\tools\compiler\ti-cgt-arm_20.2.5.LTS\lib\rtsv7M3_T_le_eabi.lib
       boot_cortex_m.c.obj   28     0         0      
       args_main.c.obj       24     0         0      
       exit.c.obj            4      0         0      
       pre_init.c.obj        4      0         0      
    +--+---------------------+------+---------+---------+
       Total:                60     0         0      
                                                     
       Stack:                0      0         256    
    +--+---------------------+------+---------+---------+
       Grand Total:          2332   288       256    


GLOBAL SYMBOLS: SORTED ALPHABETICALLY BY Name 

address   name                                                        
-------   ----                                                        
000009d9  C$$EXIT                                                     
000009bd  NOROM_CPUcpsid                                              
000009c9  NOROM_CPUcpsie                                              
0000075d  NOROM_ChipInfo_GetChipFamily                                
00000569  NOROM_ChipInfo_GetHwRevision                                
000007d5  NOROM_DDI32RegWrite                                         
00000801  NOROM_OSCClockSourceGet                                     
000006ad  NOROM_OSCClockSourceSet                                     
00000451  NOROM_SetupAfterColdResetWakeupFromShutDownCfg1             
000001f9  NOROM_SetupAfterColdResetWakeupFromShutDownCfg2             
000000c9  NOROM_SetupAfterColdResetWakeupFromShutDownCfg3             
000008cd  NOROM_SetupGetTrimForAdcShModeEn                            
000008e5  NOROM_SetupGetTrimForAdcShVbufEn                            
000005d9  NOROM_SetupGetTrimForAmpcompCtrl                            
000008fd  NOROM_SetupGetTrimForAmpcompTh1                             
00000879  NOROM_SetupGetTrimForAmpcompTh2                             
00000645  NOROM_SetupGetTrimForAnabypassValue1                        
00000915  NOROM_SetupGetTrimForDblrLoopFilterResetVoltage             
0000082d  NOROM_SetupGetTrimForRadcExtCfg                             
0000092d  NOROM_SetupGetTrimForRcOscLfIBiasTrim                       
00000895  NOROM_SetupGetTrimForRcOscLfRtuneCtuneTrim                  
00000859  NOROM_SetupGetTrimForXoscHfCtl                              
0000098d  NOROM_SetupGetTrimForXoscHfFastStart                        
0000099d  NOROM_SetupGetTrimForXoscHfIbiastherm                       
00000945  NOROM_SetupGetTrimForXoscLfRegulatorAndCmirrwrRatio         
000007a5  NOROM_SetupSetAonRtcSubSecInc                               
0000070d  NOROM_SetupSetCacheModeAccordingToCcfgSetting               
000004f5  NOROM_SetupSetVddrLevel                                     
000003a9  NOROM_SetupTrimDevice                                       
00000975  NOROM_ThisCodeIsBuiltForCC13xxHwRev20AndLater_HaltIfViolated
000009ad  ResetISR                                                    
20005000  __STACK_END                                                 
00000100  __STACK_SIZE                                                
20005000  __STACK_TOP                                                 
ffffffff  __TI_pprof_out_hndl                                         
ffffffff  __TI_prof_data_size                                         
ffffffff  __TI_prof_data_start                                        
00000000  __TI_static_base__                                          
ffffffff  __binit__                                                   
000009e4  __c_args__                                                  
0001ffa8  __ccfg                                                      
UNDEFED   __mpu_init                                                  
20004f00  __stack                                                     
20000000  __start___llvm_prf_cnts                                     
20000000  __stop___llvm_prf_cnts                                      
0000095d  _args_main                                                  
000008b1  _c_int00_noinit                                             
000009d5  _system_pre_init                                            
000009d9  abort                                                       
ffffffff  binit                                                       
00000000  g_pfnVectors                                                
000009dd  main                                                        


GLOBAL SYMBOLS: SORTED BY Symbol Address 

address   name                                                        
-------   ----                                                        
00000000  __TI_static_base__                                          
00000000  g_pfnVectors                                                
000000c9  NOROM_SetupAfterColdResetWakeupFromShutDownCfg3             
00000100  __STACK_SIZE                                                
000001f9  NOROM_SetupAfterColdResetWakeupFromShutDownCfg2             
000003a9  NOROM_SetupTrimDevice                                       
00000451  NOROM_SetupAfterColdResetWakeupFromShutDownCfg1             
000004f5  NOROM_SetupSetVddrLevel                                     
00000569  NOROM_ChipInfo_GetHwRevision                                
000005d9  NOROM_SetupGetTrimForAmpcompCtrl                            
00000645  NOROM_SetupGetTrimForAnabypassValue1                        
000006ad  NOROM_OSCClockSourceSet                                     
0000070d  NOROM_SetupSetCacheModeAccordingToCcfgSetting               
0000075d  NOROM_ChipInfo_GetChipFamily                                
000007a5  NOROM_SetupSetAonRtcSubSecInc                               
000007d5  NOROM_DDI32RegWrite                                         
00000801  NOROM_OSCClockSourceGet                                     
0000082d  NOROM_SetupGetTrimForRadcExtCfg                             
00000859  NOROM_SetupGetTrimForXoscHfCtl                              
00000879  NOROM_SetupGetTrimForAmpcompTh2                             
00000895  NOROM_SetupGetTrimForRcOscLfRtuneCtuneTrim                  
000008b1  _c_int00_noinit                                             
000008cd  NOROM_SetupGetTrimForAdcShModeEn                            
000008e5  NOROM_SetupGetTrimForAdcShVbufEn                            
000008fd  NOROM_SetupGetTrimForAmpcompTh1                             
00000915  NOROM_SetupGetTrimForDblrLoopFilterResetVoltage             
0000092d  NOROM_SetupGetTrimForRcOscLfIBiasTrim                       
00000945  NOROM_SetupGetTrimForXoscLfRegulatorAndCmirrwrRatio         
0000095d  _args_main                                                  
00000975  NOROM_ThisCodeIsBuiltForCC13xxHwRev20AndLater_HaltIfViolated
0000098d  NOROM_SetupGetTrimForXoscHfFastStart                        
0000099d  NOROM_SetupGetTrimForXoscHfIbiastherm                       
000009ad  ResetISR                                                    
000009bd  NOROM_CPUcpsid                                              
000009c9  NOROM_CPUcpsie                                              
000009d5  _system_pre_init                                            
000009d9  C$$EXIT                                                     
000009d9  abort                                                       
000009dd  main                                                        
000009e4  __c_args__                                                  
0001ffa8  __ccfg                                                      
20000000  __start___llvm_prf_cnts                                     
20000000  __stop___llvm_prf_cnts                                      
20004f00  __stack                                                     
20005000  __STACK_END                                                 
20005000  __STACK_TOP                                                 
ffffffff  __TI_pprof_out_hndl                                         
ffffffff  __TI_prof_data_size                                         
ffffffff  __TI_prof_data_start                                        
ffffffff  __binit__                                                   
ffffffff  binit                                                       
UNDEFED   __mpu_init                                                  

[52 symbols]
